../basicFunctions/API.c:9:5:getInteger	56	static
../basicFunctions/API.c:18:5:getBoolean	56	static
../basicFunctions/API.c:27:5:getAck	56	static
../basicFunctions/API.c:36:5:API_mazeWidth	8	static
../basicFunctions/API.c:40:5:API_mazeHeight	8	static
../basicFunctions/API.c:44:6:API_wallFront	8	static
../basicFunctions/API.c:48:6:API_wallRight	8	static
../basicFunctions/API.c:52:6:API_wallLeft	8	static
../basicFunctions/API.c:56:6:API_moveForward	8	static
../basicFunctions/API.c:60:6:API_turnRight	8	static
../basicFunctions/API.c:64:6:API_turnLeft	8	static
../basicFunctions/API.c:68:6:API_setWall	24	static
../basicFunctions/API.c:73:6:API_clearWall	24	static
../basicFunctions/API.c:78:6:API_setColor	24	static
../basicFunctions/API.c:83:6:API_clearColor	16	static
../basicFunctions/API.c:88:6:API_clearAllColor	8	static
../basicFunctions/API.c:93:6:API_setText	24	static
../basicFunctions/API.c:98:6:API_clearText	16	static
../basicFunctions/API.c:103:6:API_clearAllText	8	static
../basicFunctions/API.c:108:5:API_wasReset	8	static
../basicFunctions/API.c:112:6:API_ackReset	8	static
../basicFunctions/API.c:116:6:debug_log	16	static
