../basicFunctions/solver.c:34:5:checkTravelArray	16	static
../basicFunctions/solver.c:36:6:updateTravelArray	16	static
../basicFunctions/solver.c:38:6:updateFloodArray	24	static
../basicFunctions/solver.c:40:5:getFloodArray	16	static
../basicFunctions/solver.c:42:6:updatePathArray	24	static
../basicFunctions/solver.c:44:9:getPathArray	16	static
../basicFunctions/solver.c:50:6:resetFloodArray	24	static
../basicFunctions/solver.c:66:5:checkWall	24	static
../basicFunctions/solver.c:81:7:incrementCoord	56	static
../basicFunctions/solver.c:92:8:turnLeft	8	static
../basicFunctions/solver.c:100:8:turnRight	8	static
../basicFunctions/solver.c:107:15:mouseInGoal	4	static
../basicFunctions/solver.c:113:5:getNeighbor	24	static
../basicFunctions/solver.c:131:10:generateNeighbor	64	static
../basicFunctions/solver.c:158:6:floodFill	184	static
../basicFunctions/solver.c:197:6:placeWall	24	static
../basicFunctions/solver.c:239:6:updateWalls	8	static
../basicFunctions/solver.c:264:8:nextAction	56	static
../basicFunctions/solver.c:383:6:checkDestination	16	static
../basicFunctions/solver.c:436:8:solver	8	static
